============================================================
initialize: Rawan four motion plugin loaded
version: 3.6.5-climb-push-action-matrices
mode: auto-cycle demo
design: closed-library 10-joint angle model; separate upper/lower functions per state
FK/IK tune: Walk, Push, and Climb use closed-library 10-joint XYZ FK tables with IK-style stance/contact timing
hip policy: hard writer-level hip restraints restored; computed internally, authored to viewer: no
walk tune: 8-phase XYZ gait matrix; hips computed internally but hard-blocked; knees/ankles/arms softly clamped; shoulder Y base preserved
push tune: 4-stage heavy-resistance XYZ matrix remapped to Nathan-safe braced knees/ankles/arms; hips hard-blocked at writer
climb tune: 4-stage vertical climb XYZ matrix remapped to Nathan-safe reach/pull poses; hips hard-blocked at writer
tuning note: set kAutoCycleDemoMode=false in RawanFourMotionPlugin.cpp to isolate selected animations
stability note: keep Calib First OFF; right/left hip joints are intentionally not authored because they lift Nathan's leg in the GLB viewer
direct hip writer enabled: no
hard hip restraint active: yes
calib note: keep First-frame calibration disabled/OFF; in the latest video ON appears to hold/cancel the bind pose and causes T-pose behavior.
log path: D:\N8RO_2\userPlugins\sim\rawan-four-motion-plugin.log
model plugin service found: yes
animation prototype found: animationModelNathanHuman
register Rawan Idle: yes
register Rawan Walk: yes
register Rawan Push: yes
register Rawan Climb: yes
tick: plugin is active
joint ids available=10: leftElbow, leftKnee, leftAnkle, rightAnkle, rightKnee, leftHip, rightHip, leftShoulder, rightShoulder, rightElbow
auto-cycle start time captured: 0.050000
evaluate requested=Rawan Idle visibleState=Rawan Idle t=0.050000 local=0.000000 jointOverrides=4
evaluate requested=Rawan Idle visibleState=Rawan Idle t=1.000000 local=0.950000 jointOverrides=4
evaluate requested=Rawan Idle visibleState=Rawan Idle t=2.000000 local=1.950000 jointOverrides=4
evaluate requested=Rawan Idle visibleState=Rawan Idle t=3.050000 local=3.000000 jointOverrides=4
evaluate requested=Rawan Idle visibleState=Rawan Idle t=4.050000 local=4.000000 jointOverrides=4
evaluate requested=Rawan Idle visibleState=Rawan Idle t=5.050000 local=5.000000 jointOverrides=4
evaluate requested=Rawan Idle visibleState=Rawan Walk t=5.100000 local=0.050000 jointOverrides=8
evaluate requested=Rawan Idle visibleState=Rawan Walk t=6.050000 local=1.000000 jointOverrides=8
evaluate requested=Rawan Idle visibleState=Rawan Walk t=7.050000 local=2.000000 jointOverrides=8
evaluate requested=Rawan Idle visibleState=Rawan Walk t=8.050000 local=3.000000 jointOverrides=8
evaluate requested=Rawan Idle visibleState=Rawan Walk t=9.050000 local=4.000000 jointOverrides=8
evaluate requested=Rawan Idle visibleState=Rawan Walk t=10.000000 local=4.950000 jointOverrides=8
evaluate requested=Rawan Idle visibleState=Rawan Push t=10.050000 local=0.000000 jointOverrides=8
evaluate requested=Rawan Idle visibleState=Rawan Push t=11.000000 local=0.950000 jointOverrides=8
evaluate requested=Rawan Idle visibleState=Rawan Push t=12.000000 local=1.950000 jointOverrides=8
evaluate requested=Rawan Idle visibleState=Rawan Push t=13.000000 local=2.950000 jointOverrides=8
evaluate requested=Rawan Idle visibleState=Rawan Push t=14.000000 local=3.950000 jointOverrides=8
evaluate requested=Rawan Idle visibleState=Rawan Push t=15.000000 local=4.950000 jointOverrides=8
evaluate requested=Rawan Idle visibleState=Rawan Climb t=15.050000 local=0.000000 jointOverrides=8
evaluate requested=Rawan Idle visibleState=Rawan Climb t=16.000000 local=0.950000 jointOverrides=8
evaluate requested=Rawan Idle visibleState=Rawan Climb t=17.000000 local=1.950000 jointOverrides=8
evaluate requested=Rawan Idle visibleState=Rawan Climb t=18.000000 local=2.950000 jointOverrides=8
evaluate requested=Rawan Idle visibleState=Rawan Climb t=19.000000 local=3.950000 jointOverrides=8
evaluate requested=Rawan Idle visibleState=Rawan Climb t=20.000000 local=4.950000 jointOverrides=8
evaluate requested=Rawan Idle visibleState=Rawan Idle t=20.050000 local=0.000000 jointOverrides=4
evaluate requested=Rawan Idle visibleState=Rawan Idle t=21.000000 local=0.950000 jointOverrides=4
evaluate requested=Rawan Idle visibleState=Rawan Idle t=22.000000 local=1.950000 jointOverrides=4
evaluate requested=Rawan Idle visibleState=Rawan Idle t=23.000000 local=2.950000 jointOverrides=4
evaluate requested=Rawan Idle visibleState=Rawan Idle t=24.000000 local=3.950000 jointOverrides=4
evaluate requested=Rawan Idle visibleState=Rawan Idle t=25.000000 local=4.950000 jointOverrides=4
evaluate requested=Rawan Idle visibleState=Rawan Walk t=25.050000 local=0.000000 jointOverrides=8
evaluate requested=Rawan Idle visibleState=Rawan Walk t=26.000000 local=0.950000 jointOverrides=8
evaluate requested=Rawan Idle visibleState=Rawan Walk t=27.000000 local=1.950000 jointOverrides=8
evaluate requested=Rawan Idle visibleState=Rawan Walk t=28.000000 local=2.950000 jointOverrides=8
evaluate requested=Rawan Idle visibleState=Rawan Walk t=29.000000 local=3.950000 jointOverrides=8
evaluate requested=Rawan Idle visibleState=Rawan Walk t=30.000000 local=4.950000 jointOverrides=8
evaluate requested=Rawan Idle visibleState=Rawan Push t=30.050000 local=0.000000 jointOverrides=8
evaluate requested=Rawan Idle visibleState=Rawan Push t=31.000000 local=0.950000 jointOverrides=8
evaluate requested=Rawan Idle visibleState=Rawan Push t=32.000000 local=1.950000 jointOverrides=8
evaluate requested=Rawan Idle visibleState=Rawan Push t=33.000000 local=2.950000 jointOverrides=8
evaluate requested=Rawan Idle visibleState=Rawan Push t=34.000000 local=3.950000 jointOverrides=8
evaluate requested=Rawan Idle visibleState=Rawan Push t=35.000000 local=4.950000 jointOverrides=8
evaluate requested=Rawan Idle visibleState=Rawan Climb t=35.050000 local=0.000000 jointOverrides=8
evaluate requested=Rawan Idle visibleState=Rawan Climb t=36.000000 local=0.950000 jointOverrides=8
evaluate requested=Rawan Idle visibleState=Rawan Climb t=37.000000 local=1.950000 jointOverrides=8
evaluate requested=Rawan Idle visibleState=Rawan Climb t=38.050000 local=3.000000 jointOverrides=8
evaluate requested=Rawan Idle visibleState=Rawan Climb t=39.050000 local=4.000000 jointOverrides=8
evaluate requested=Rawan Idle visibleState=Rawan Climb t=40.050000 local=5.000000 jointOverrides=8
evaluate requested=Rawan Idle visibleState=Rawan Idle t=40.100000 local=0.050000 jointOverrides=4
evaluate requested=Rawan Idle visibleState=Rawan Idle t=41.050000 local=1.000000 jointOverrides=4
evaluate requested=Rawan Idle visibleState=Rawan Idle t=42.050000 local=2.000000 jointOverrides=4
evaluate requested=Rawan Idle visibleState=Rawan Idle t=43.050000 local=3.000000 jointOverrides=4
evaluate requested=Rawan Idle visibleState=Rawan Idle t=44.050000 local=4.000000 jointOverrides=4
evaluate requested=Rawan Idle visibleState=Rawan Idle t=45.050000 local=5.000000 jointOverrides=4
evaluate requested=Rawan Idle visibleState=Rawan Walk t=45.100000 local=0.050000 jointOverrides=8
evaluate requested=Rawan Idle visibleState=Rawan Walk t=46.050000 local=1.000000 jointOverrides=8
evaluate requested=Rawan Idle visibleState=Rawan Walk t=47.050000 local=2.000000 jointOverrides=8
evaluate requested=Rawan Idle visibleState=Rawan Walk t=48.050000 local=3.000000 jointOverrides=8
evaluate requested=Rawan Idle visibleState=Rawan Walk t=49.050000 local=4.000000 jointOverrides=8
evaluate requested=Rawan Idle visibleState=Rawan Walk t=50.050000 local=5.000000 jointOverrides=8
evaluate requested=Rawan Idle visibleState=Rawan Push t=50.100000 local=0.050000 jointOverrides=8
evaluate requested=Rawan Idle visibleState=Rawan Push t=51.050000 local=1.000000 jointOverrides=8
evaluate requested=Rawan Idle visibleState=Rawan Push t=52.050000 local=2.000000 jointOverrides=8
evaluate requested=Rawan Idle visibleState=Rawan Push t=53.050000 local=3.000000 jointOverrides=8
evaluate requested=Rawan Idle visibleState=Rawan Push t=54.050000 local=4.000000 jointOverrides=8
evaluate requested=Rawan Idle visibleState=Rawan Push t=55.050000 local=5.000000 jointOverrides=8
evaluate requested=Rawan Idle visibleState=Rawan Climb t=55.100000 local=0.050000 jointOverrides=8
evaluate requested=Rawan Idle visibleState=Rawan Climb t=56.050000 local=1.000000 jointOverrides=8
evaluate requested=Rawan Idle visibleState=Rawan Climb t=57.050000 local=2.000000 jointOverrides=8
evaluate requested=Rawan Idle visibleState=Rawan Climb t=58.050000 local=3.000000 jointOverrides=8
evaluate requested=Rawan Idle visibleState=Rawan Climb t=59.050000 local=4.000000 jointOverrides=8
evaluate requested=Rawan Idle visibleState=Rawan Climb t=60.050000 local=5.000000 jointOverrides=8
evaluate requested=Rawan Idle visibleState=Rawan Idle t=60.100000 local=0.050000 jointOverrides=4
evaluate requested=Rawan Idle visibleState=Rawan Idle t=61.050000 local=1.000000 jointOverrides=4
evaluate requested=Rawan Idle visibleState=Rawan Idle t=62.050000 local=2.000000 jointOverrides=4
evaluate requested=Rawan Idle visibleState=Rawan Idle t=63.050000 local=3.000000 jointOverrides=4
evaluate requested=Rawan Idle visibleState=Rawan Idle t=64.050000 local=4.000000 jointOverrides=4
evaluate requested=Rawan Idle visibleState=Rawan Idle t=65.050000 local=5.000000 jointOverrides=4
evaluate requested=Rawan Idle visibleState=Rawan Walk t=65.100000 local=0.050000 jointOverrides=8
evaluate requested=Rawan Idle visibleState=Rawan Walk t=66.050000 local=1.000000 jointOverrides=8
evaluate requested=Rawan Idle visibleState=Rawan Walk t=67.050000 local=2.000000 jointOverrides=8
evaluate requested=Rawan Idle visibleState=Rawan Walk t=68.050000 local=3.000000 jointOverrides=8
evaluate requested=Rawan Idle visibleState=Rawan Walk t=69.050000 local=4.000000 jointOverrides=8
evaluate requested=Rawan Idle visibleState=Rawan Walk t=70.050000 local=5.000000 jointOverrides=8
evaluate requested=Rawan Idle visibleState=Rawan Push t=70.100000 local=0.050000 jointOverrides=8
evaluate requested=Rawan Idle visibleState=Rawan Push t=71.050000 local=1.000000 jointOverrides=8
evaluate requested=Rawan Idle visibleState=Rawan Push t=72.050000 local=2.000000 jointOverrides=8
evaluate requested=Rawan Idle visibleState=Rawan Push t=73.050000 local=3.000000 jointOverrides=8
evaluate requested=Rawan Idle visibleState=Rawan Push t=74.050000 local=4.000000 jointOverrides=8
evaluate requested=Rawan Idle visibleState=Rawan Push t=75.050000 local=5.000000 jointOverrides=8
evaluate requested=Rawan Idle visibleState=Rawan Climb t=75.100000 local=0.050000 jointOverrides=8
evaluate requested=Rawan Idle visibleState=Rawan Climb t=76.050000 local=1.000000 jointOverrides=8
evaluate requested=Rawan Idle visibleState=Rawan Climb t=77.050000 local=2.000000 jointOverrides=8
evaluate requested=Rawan Idle visibleState=Rawan Climb t=78.050000 local=3.000000 jointOverrides=8
evaluate requested=Rawan Idle visibleState=Rawan Climb t=79.050000 local=4.000000 jointOverrides=8
evaluate requested=Rawan Idle visibleState=Rawan Climb t=80.050000 local=5.000000 jointOverrides=8
evaluate requested=Rawan Idle visibleState=Rawan Idle t=80.100000 local=0.050000 jointOverrides=4
evaluate requested=Rawan Idle visibleState=Rawan Idle t=81.050000 local=1.000000 jointOverrides=4
evaluate requested=Rawan Idle visibleState=Rawan Idle t=82.050000 local=2.000000 jointOverrides=4
evaluate requested=Rawan Idle visibleState=Rawan Idle t=83.050000 local=3.000000 jointOverrides=4
evaluate requested=Rawan Idle visibleState=Rawan Idle t=84.050000 local=4.000000 jointOverrides=4
evaluate requested=Rawan Idle visibleState=Rawan Idle t=85.050000 local=5.000000 jointOverrides=4
evaluate requested=Rawan Idle visibleState=Rawan Walk t=85.100000 local=0.050000 jointOverrides=8
evaluate requested=Rawan Idle visibleState=Rawan Walk t=86.050000 local=1.000000 jointOverrides=8
evaluate requested=Rawan Idle visibleState=Rawan Walk t=87.050000 local=2.000000 jointOverrides=8
evaluate requested=Rawan Idle visibleState=Rawan Walk t=88.050000 local=3.000000 jointOverrides=8
evaluate requested=Rawan Idle visibleState=Rawan Walk t=89.050000 local=4.000000 jointOverrides=8
evaluate requested=Rawan Idle visibleState=Rawan Walk t=90.050000 local=5.000000 jointOverrides=8
evaluate requested=Rawan Idle visibleState=Rawan Push t=90.100000 local=0.050000 jointOverrides=8
evaluate requested=Rawan Idle visibleState=Rawan Push t=91.050000 local=1.000000 jointOverrides=8
evaluate requested=Rawan Idle visibleState=Rawan Push t=92.050000 local=2.000000 jointOverrides=8
evaluate requested=Rawan Idle visibleState=Rawan Push t=93.050000 local=3.000000 jointOverrides=8
evaluate requested=Rawan Idle visibleState=Rawan Push t=94.050000 local=4.000000 jointOverrides=8
evaluate requested=Rawan Idle visibleState=Rawan Push t=95.050000 local=5.000000 jointOverrides=8
evaluate requested=Rawan Idle visibleState=Rawan Climb t=95.100000 local=0.050000 jointOverrides=8
evaluate requested=Rawan Idle visibleState=Rawan Climb t=96.050000 local=1.000000 jointOverrides=8
evaluate requested=Rawan Idle visibleState=Rawan Climb t=97.050000 local=2.000000 jointOverrides=8
evaluate requested=Rawan Idle visibleState=Rawan Climb t=98.050000 local=3.000000 jointOverrides=8
evaluate requested=Rawan Idle visibleState=Rawan Climb t=99.050000 local=4.000000 jointOverrides=8
evaluate requested=Rawan Idle visibleState=Rawan Climb t=100.050000 local=5.000000 jointOverrides=8
evaluate requested=Rawan Idle visibleState=Rawan Idle t=100.100000 local=0.050000 jointOverrides=4
evaluate requested=Rawan Idle visibleState=Rawan Idle t=101.050000 local=1.000000 jointOverrides=4
evaluate requested=Rawan Idle visibleState=Rawan Idle t=102.050000 local=2.000000 jointOverrides=4
evaluate requested=Rawan Idle visibleState=Rawan Idle t=103.050000 local=3.000000 jointOverrides=4
evaluate requested=Rawan Idle visibleState=Rawan Idle t=104.050000 local=4.000000 jointOverrides=4
evaluate requested=Rawan Idle visibleState=Rawan Idle t=105.050000 local=5.000000 jointOverrides=4
evaluate requested=Rawan Idle visibleState=Rawan Walk t=105.100000 local=0.050000 jointOverrides=8
evaluate requested=Rawan Idle visibleState=Rawan Walk t=106.050000 local=1.000000 jointOverrides=8
evaluate requested=Rawan Idle visibleState=Rawan Walk t=107.050000 local=2.000000 jointOverrides=8
evaluate requested=Rawan Idle visibleState=Rawan Walk t=108.050000 local=3.000000 jointOverrides=8
evaluate requested=Rawan Idle visibleState=Rawan Walk t=109.050000 local=4.000000 jointOverrides=8
evaluate requested=Rawan Idle visibleState=Rawan Walk t=110.050000 local=5.000000 jointOverrides=8
evaluate requested=Rawan Idle visibleState=Rawan Push t=110.100000 local=0.050000 jointOverrides=8
evaluate requested=Rawan Idle visibleState=Rawan Push t=111.050000 local=1.000000 jointOverrides=8
evaluate requested=Rawan Idle visibleState=Rawan Push t=112.050000 local=2.000000 jointOverrides=8
evaluate requested=Rawan Idle visibleState=Rawan Push t=113.050000 local=3.000000 jointOverrides=8
evaluate requested=Rawan Idle visibleState=Rawan Push t=114.050000 local=4.000000 jointOverrides=8
evaluate requested=Rawan Idle visibleState=Rawan Push t=115.050000 local=5.000000 jointOverrides=8
evaluate requested=Rawan Idle visibleState=Rawan Climb t=115.100000 local=0.050000 jointOverrides=8
evaluate requested=Rawan Idle visibleState=Rawan Climb t=116.050000 local=1.000000 jointOverrides=8
evaluate requested=Rawan Idle visibleState=Rawan Climb t=117.050000 local=2.000000 jointOverrides=8
evaluate requested=Rawan Idle visibleState=Rawan Climb t=118.050000 local=3.000000 jointOverrides=8
evaluate requested=Rawan Idle visibleState=Rawan Climb t=119.050000 local=4.000000 jointOverrides=8
evaluate requested=Rawan Idle visibleState=Rawan Climb t=120.050000 local=5.000000 jointOverrides=8
evaluate requested=Rawan Idle visibleState=Rawan Idle t=120.100000 local=0.050000 jointOverrides=4
evaluate requested=Rawan Idle visibleState=Rawan Idle t=121.050000 local=1.000000 jointOverrides=4
evaluate requested=Rawan Idle visibleState=Rawan Idle t=122.050000 local=2.000000 jointOverrides=4
evaluate requested=Rawan Idle visibleState=Rawan Idle t=123.050000 local=3.000000 jointOverrides=4
evaluate requested=Rawan Idle visibleState=Rawan Idle t=124.050000 local=4.000000 jointOverrides=4
evaluate requested=Rawan Idle visibleState=Rawan Idle t=125.050000 local=5.000000 jointOverrides=4
evaluate requested=Rawan Idle visibleState=Rawan Walk t=125.100000 local=0.050000 jointOverrides=8
evaluate requested=Rawan Idle visibleState=Rawan Walk t=126.050000 local=1.000000 jointOverrides=8
evaluate requested=Rawan Idle visibleState=Rawan Walk t=127.050000 local=2.000000 jointOverrides=8
evaluate requested=Rawan Idle visibleState=Rawan Walk t=128.050000 local=3.000000 jointOverrides=8
evaluate requested=Rawan Idle visibleState=Rawan Walk t=129.050000 local=4.000000 jointOverrides=8
evaluate requested=Rawan Idle visibleState=Rawan Walk t=130.050000 local=5.000000 jointOverrides=8
evaluate requested=Rawan Idle visibleState=Rawan Push t=130.100000 local=0.050000 jointOverrides=8
evaluate requested=Rawan Idle visibleState=Rawan Push t=131.050000 local=1.000000 jointOverrides=8
evaluate requested=Rawan Idle visibleState=Rawan Push t=132.050000 local=2.000000 jointOverrides=8
evaluate requested=Rawan Idle visibleState=Rawan Push t=133.050000 local=3.000000 jointOverrides=8
evaluate requested=Rawan Idle visibleState=Rawan Push t=134.050000 local=4.000000 jointOverrides=8
evaluate requested=Rawan Idle visibleState=Rawan Push t=135.050000 local=5.000000 jointOverrides=8
evaluate requested=Rawan Idle visibleState=Rawan Climb t=135.100000 local=0.050000 jointOverrides=8
evaluate requested=Rawan Idle visibleState=Rawan Climb t=136.050000 local=1.000000 jointOverrides=8
evaluate requested=Rawan Idle visibleState=Rawan Climb t=137.050000 local=2.000000 jointOverrides=8
evaluate requested=Rawan Idle visibleState=Rawan Climb t=138.050000 local=3.000000 jointOverrides=8
evaluate requested=Rawan Idle visibleState=Rawan Climb t=139.050000 local=4.000000 jointOverrides=8
evaluate requested=Rawan Idle visibleState=Rawan Climb t=140.050000 local=5.000000 jointOverrides=8
evaluate requested=Rawan Idle visibleState=Rawan Idle t=140.100000 local=0.050000 jointOverrides=4
evaluate requested=Rawan Idle visibleState=Rawan Idle t=141.050000 local=1.000000 jointOverrides=4
evaluate requested=Rawan Idle visibleState=Rawan Idle t=142.050000 local=2.000000 jointOverrides=4
evaluate requested=Rawan Idle visibleState=Rawan Idle t=143.050000 local=3.000000 jointOverrides=4
evaluate requested=Rawan Idle visibleState=Rawan Idle t=144.050000 local=4.000000 jointOverrides=4
evaluate requested=Rawan Idle visibleState=Rawan Idle t=145.050000 local=5.000000 jointOverrides=4
evaluate requested=Rawan Idle visibleState=Rawan Walk t=145.100000 local=0.050000 jointOverrides=8
evaluate requested=Rawan Idle visibleState=Rawan Walk t=146.050000 local=1.000000 jointOverrides=8
evaluate requested=Rawan Idle visibleState=Rawan Walk t=147.050000 local=2.000000 jointOverrides=8
evaluate requested=Rawan Idle visibleState=Rawan Walk t=148.050000 local=3.000000 jointOverrides=8
shutdown: Rawan four motion plugin
