2026-05-30T16:03:10Z [WARN] (InstanceEditor) getValue: Path not found: /telemetryLevel [instance=unknown path=unknown]
2026-05-30T16:03:10Z [WARN] (InstanceEditor) setValue: Path not found: /telemetryLevel [instance=unknown path=unknown]
2026-05-30T16:03:10Z [WARN] (InstanceEditor) getValue: Path not found: /telemetryLevel [instance=unknown path=unknown]
2026-05-30T16:03:10Z [WARN] (InstanceEditor) getValue: Path not found: /telemetryLevel [instance=unknown path=unknown]
2026-05-30T16:03:10Z [WARN] (InstanceEditor) getValue: Path not found: /telemetryLevel [instance=unknown path=unknown]
2026-05-30T16:03:10Z [WARN] (InstanceEditor) setValue: Path not found: /telemetryLevel [instance=unknown path=unknown]
2026-05-30T16:03:10Z [WARN] (InstanceEditor) getValue: Path not found: /telemetryLevel [instance=unknown path=unknown]
2026-05-30T16:03:10Z [WARN] (InstanceEditor) getValue: Path not found: /telemetryLevel [instance=unknown path=unknown]
2026-05-30T16:03:10Z [WARN] (InstanceEditor) setValue: Path not found: /telemetryLevel [instance=unknown path=unknown]
2026-05-30T16:03:10Z [WARN] (InstanceEditor) getValue: Path not found: /telemetryLevel [instance=unknown path=unknown]
2026-05-30T16:03:10Z [WARN] (InstanceEditor) getValue: Path not found: /telemetryLevel [instance=unknown path=unknown]
2026-05-30T16:03:10Z [WARN] (InstanceEditor) getValue: Path not found: /telemetryLevel [instance=unknown path=unknown]
2026-05-30T16:03:10Z [WARN] (InstanceEditor) getValue: Path not found: /telemetryLevel [instance=unknown path=unknown]
2026-05-30T16:03:10Z [WARN] (InstanceEditor) getValue: Path not found: /layout [instance=unknown path=unknown]
2026-05-30T16:03:10Z [WARN] (InstanceEditor) setValue: Path not found: /layout [instance=unknown path=unknown]
2026-05-30T16:03:10Z [WARN] (InstanceEditor) getValue: Path not found: /props/insertPalette [instance=unknown path=unknown]
2026-05-30T16:03:10Z [WARN] (InstanceEditor) getValue: Path not found: /layout [instance=unknown path=unknown]
2026-05-30T16:03:10Z [WARN] (InstanceEditor) setValue: Path not found: /layout [instance=unknown path=unknown]
2026-05-30T16:03:10Z [WARN] (InstanceEditor) getValue: Path not found: /props/insertPalette [instance=unknown path=unknown]
2026-05-30T16:03:10Z [WARN] (InstanceEditor) getValue: Path not found: /layout [instance=unknown path=unknown]
2026-05-30T16:03:10Z [WARN] (InstanceEditor) setValue: Path not found: /layout [instance=unknown path=unknown]
2026-05-30T16:03:10Z [WARN] (InstanceEditor) getValue: Path not found: /props/insertPalette [instance=unknown path=unknown]
2026-05-30T16:03:10Z [WARN] (InstanceEditor) getValue: Path not found: /layout [instance=unknown path=unknown]
2026-05-30T16:03:10Z [WARN] (InstanceEditor) setValue: Path not found: /layout [instance=unknown path=unknown]
2026-05-30T16:03:10Z [WARN] (InstanceEditor) getValue: Path not found: /props/insertPalette [instance=unknown path=unknown]
2026-05-30T16:03:10Z [WARN] (InstanceEditor) getValue: Path not found: /layout [instance=unknown path=unknown]
2026-05-30T16:03:10Z [WARN] (InstanceEditor) setValue: Path not found: /layout [instance=unknown path=unknown]
2026-05-30T16:03:10Z [WARN] (InstanceEditor) getValue: Path not found: /props/insertPalette [instance=unknown path=unknown]
2026-05-30T16:03:10Z [WARN] (InstanceEditor) getValue: Path not found: /layout [instance=unknown path=unknown]
2026-05-30T16:03:10Z [WARN] (InstanceEditor) setValue: Path not found: /layout [instance=unknown path=unknown]
2026-05-30T16:03:10Z [WARN] (InstanceEditor) getValue: Path not found: /props/insertPalette [instance=unknown path=unknown]
2026-05-30T16:03:10Z [WARN] (InstanceEditor) getValue: Path not found: /layout [instance=unknown path=unknown]
2026-05-30T16:03:10Z [WARN] (InstanceEditor) setValue: Path not found: /layout [instance=unknown path=unknown]
2026-05-30T16:03:10Z [WARN] (InstanceEditor) getValue: Path not found: /props/insertPalette [instance=unknown path=unknown]
2026-05-30T16:03:10Z [WARN] (InstanceEditor) getValue: Path not found: /layout [instance=unknown path=unknown]
2026-05-30T16:03:11Z [WARN] (InstanceEditor) setValue: Path not found: /layout [instance=unknown path=unknown]
2026-05-30T16:03:11Z [WARN] (InstanceEditor) getValue: Path not found: /props/insertPalette [instance=unknown path=unknown]
2026-05-30T16:03:11Z [WARN] (InstanceEditor) getValue: Path not found: /layout [instance=unknown path=unknown]
2026-05-30T16:03:11Z [WARN] (InstanceEditor) getValue: Path not found: /props/insertPalette [instance=unknown path=unknown]
2026-05-30T16:03:11Z [WARN] (InstanceEditor) getValue: Path not found: /layout [instance=unknown path=unknown]
2026-05-30T16:03:11Z [WARN] (InstanceEditor) setValue: Path not found: /layout [instance=unknown path=unknown]
2026-05-30T16:03:11Z [WARN] (InstanceEditor) getValue: Path not found: /props/insertPalette [instance=unknown path=unknown]
2026-05-30T16:03:11Z [WARN] (InstanceEditor) getValue: Path not found: /layout [instance=unknown path=unknown]
2026-05-30T16:03:11Z [WARN] (InstanceEditor) setValue: Path not found: /layout [instance=unknown path=unknown]
2026-05-30T16:03:11Z [WARN] (InstanceEditor) getValue: Path not found: /props/insertPalette [instance=unknown path=unknown]
2026-05-30T16:03:11Z [WARN] (InstanceEditor) getValue: Path not found: /layout [instance=unknown path=unknown]
2026-05-30T16:03:11Z [WARN] (InstanceEditor) setValue: Path not found: /layout [instance=unknown path=unknown]
2026-05-30T16:03:11Z [WARN] (InstanceEditor) getValue: Path not found: /props/insertPalette [instance=unknown path=unknown]
2026-05-30T16:03:11Z [WARN] (InstanceEditor) getValue: Path not found: /layout [instance=unknown path=unknown]
2026-05-30T16:03:11Z [WARN] (InstanceEditor) setValue: Path not found: /layout [instance=unknown path=unknown]
2026-05-30T16:03:11Z [WARN] (InstanceEditor) getValue: Path not found: /props/insertPalette [instance=unknown path=unknown]
2026-05-30T16:03:11Z [WARN] (InstanceEditor) getValue: Path not found: /shellSurfaces/sidebar/id [instance=unknown path=unknown]
2026-05-30T16:03:11Z [WARN] (InstanceEditor) setValue: Path not found: /shellSurfaces/sidebar/id [instance=unknown path=unknown]
2026-05-30T16:03:11Z [WARN] (InstanceEditor) getValue: Path not found: /shellSurfaces/sidebar/title [instance=unknown path=unknown]
2026-05-30T16:03:11Z [WARN] (InstanceEditor) setValue: Path not found: /shellSurfaces/sidebar/title [instance=unknown path=unknown]
2026-05-30T16:03:11Z [WARN] (InstanceEditor) getValue: Path not found: /shellSurfaces/sidebar/layout [instance=unknown path=unknown]
2026-05-30T16:03:11Z [WARN] (InstanceEditor) setValue: Path not found: /shellSurfaces/sidebar/layout [instance=unknown path=unknown]
2026-05-30T16:03:11Z [WARN] (InstanceEditor) getValue: Path not found: /shellSurfaces/sidebar/props/insertPalette [instance=unknown path=unknown]
2026-05-30T16:03:11Z [WARN] (InstanceEditor) getValue: Path not found: /shellSurfaces/statusPanel/id [instance=unknown path=unknown]
2026-05-30T16:03:11Z [WARN] (InstanceEditor) setValue: Path not found: /shellSurfaces/statusPanel/id [instance=unknown path=unknown]
2026-05-30T16:03:11Z [WARN] (InstanceEditor) getValue: Path not found: /shellSurfaces/statusPanel/title [instance=unknown path=unknown]
2026-05-30T16:03:11Z [WARN] (InstanceEditor) setValue: Path not found: /shellSurfaces/statusPanel/title [instance=unknown path=unknown]
2026-05-30T16:03:11Z [WARN] (InstanceEditor) getValue: Path not found: /shellSurfaces/statusPanel/layout [instance=unknown path=unknown]
2026-05-30T16:03:11Z [WARN] (InstanceEditor) setValue: Path not found: /shellSurfaces/statusPanel/layout [instance=unknown path=unknown]
2026-05-30T16:03:11Z [WARN] (InstanceEditor) getValue: Path not found: /shellSurfaces/statusPanel/props/insertPalette [instance=unknown path=unknown]
2026-05-30T16:03:11Z [WARN] (InstanceEditor) getValue: Path not found: /layout [instance=unknown path=unknown]
2026-05-30T16:03:11Z [WARN] (InstanceEditor) setValue: Path not found: /layout [instance=unknown path=unknown]
2026-05-30T16:03:11Z [WARN] (InstanceEditor) getValue: Path not found: /props/insertPalette [instance=unknown path=unknown]
2026-05-30T16:03:11Z [WARN] (InstanceEditor) getValue: Path not found: /layout [instance=unknown path=unknown]
2026-05-30T16:03:12Z [WARN] (InstanceEditor) setValue: Path not found: /layout [instance=unknown path=unknown]
2026-05-30T16:03:12Z [WARN] (InstanceEditor) getValue: Path not found: /props/insertPalette [instance=unknown path=unknown]
2026-05-30T16:03:12Z [WARN] (InstanceEditor) getValue: Path not found: /layout [instance=unknown path=unknown]
2026-05-30T16:03:12Z [WARN] (InstanceEditor) setValue: Path not found: /layout [instance=unknown path=unknown]
2026-05-30T16:03:12Z [WARN] (InstanceEditor) getValue: Path not found: /props/insertPalette [instance=unknown path=unknown]
2026-05-30T16:03:12Z [WARN] (InstanceEditor) getValue: Path not found: /layout [instance=unknown path=unknown]
2026-05-30T16:03:12Z [WARN] (InstanceEditor) setValue: Path not found: /layout [instance=unknown path=unknown]
2026-05-30T16:03:12Z [WARN] (InstanceEditor) getValue: Path not found: /props/insertPalette [instance=unknown path=unknown]
2026-05-30T16:03:12Z [WARN] (InstanceEditor) getValue: Path not found: /layout [instance=unknown path=unknown]
2026-05-30T16:03:12Z [WARN] (InstanceEditor) setValue: Path not found: /layout [instance=unknown path=unknown]
2026-05-30T16:03:12Z [WARN] (InstanceEditor) getValue: Path not found: /props/insertPalette [instance=unknown path=unknown]
2026-05-30T16:03:12Z [WARN] (InstanceEditor) getValue: Path not found: /layout [instance=unknown path=unknown]
2026-05-30T16:03:12Z [WARN] (InstanceEditor) setValue: Path not found: /layout [instance=unknown path=unknown]
2026-05-30T16:03:12Z [WARN] (InstanceEditor) getValue: Path not found: /props/insertPalette [instance=unknown path=unknown]
2026-05-30T16:03:12Z [WARN] (InstanceEditor) getValue: Path not found: /layout [instance=unknown path=unknown]
2026-05-30T16:03:12Z [WARN] (InstanceEditor) setValue: Path not found: /layout [instance=unknown path=unknown]
2026-05-30T16:03:12Z [WARN] (InstanceEditor) getValue: Path not found: /props/insertPalette [instance=unknown path=unknown]
2026-05-30T16:03:12Z [WARN] (InstanceEditor) getValue: Path not found: /layout [instance=unknown path=unknown]
2026-05-30T16:03:12Z [WARN] (InstanceEditor) setValue: Path not found: /layout [instance=unknown path=unknown]
2026-05-30T16:03:12Z [WARN] (InstanceEditor) getValue: Path not found: /props/insertPalette [instance=unknown path=unknown]
2026-05-30T16:03:12Z [WARN] (InstanceEditor) getValue: Path not found: /layout [instance=unknown path=unknown]
2026-05-30T16:03:12Z [WARN] (InstanceEditor) getValue: Path not found: /props/insertPalette [instance=unknown path=unknown]
2026-05-30T16:03:12Z [WARN] (InstanceEditor) getValue: Path not found: /layout [instance=unknown path=unknown]
2026-05-30T16:03:12Z [WARN] (InstanceEditor) setValue: Path not found: /layout [instance=unknown path=unknown]
2026-05-30T16:03:12Z [WARN] (InstanceEditor) getValue: Path not found: /props/insertPalette [instance=unknown path=unknown]
2026-05-30T16:03:12Z [WARN] (InstanceEditor) getValue: Path not found: /layout [instance=unknown path=unknown]
2026-05-30T16:03:12Z [WARN] (InstanceEditor) setValue: Path not found: /layout [instance=unknown path=unknown]
2026-05-30T16:03:12Z [WARN] (InstanceEditor) getValue: Path not found: /props/insertPalette [instance=unknown path=unknown]
2026-05-30T16:03:12Z [WARN] (InstanceEditor) getValue: Path not found: /layout [instance=unknown path=unknown]
2026-05-30T16:03:13Z [WARN] (InstanceEditor) setValue: Path not found: /layout [instance=unknown path=unknown]
2026-05-30T16:03:13Z [WARN] (InstanceEditor) getValue: Path not found: /props/insertPalette [instance=unknown path=unknown]
2026-05-30T16:03:13Z [WARN] (InstanceEditor) getValue: Path not found: /layout [instance=unknown path=unknown]
2026-05-30T16:03:13Z [WARN] (InstanceEditor) setValue: Path not found: /layout [instance=unknown path=unknown]
2026-05-30T16:03:13Z [WARN] (InstanceEditor) getValue: Path not found: /props/insertPalette [instance=unknown path=unknown]
2026-05-30T16:03:13Z [WARN] (InstanceEditor) getValue: Path not found: /shellSurfaces/sidebar/id [instance=unknown path=unknown]
2026-05-30T16:03:13Z [WARN] (InstanceEditor) setValue: Path not found: /shellSurfaces/sidebar/id [instance=unknown path=unknown]
2026-05-30T16:03:13Z [WARN] (InstanceEditor) getValue: Path not found: /shellSurfaces/sidebar/title [instance=unknown path=unknown]
2026-05-30T16:03:13Z [WARN] (InstanceEditor) setValue: Path not found: /shellSurfaces/sidebar/title [instance=unknown path=unknown]
2026-05-30T16:03:13Z [WARN] (InstanceEditor) getValue: Path not found: /shellSurfaces/sidebar/layout [instance=unknown path=unknown]
2026-05-30T16:03:13Z [WARN] (InstanceEditor) setValue: Path not found: /shellSurfaces/sidebar/layout [instance=unknown path=unknown]
2026-05-30T16:03:13Z [WARN] (InstanceEditor) getValue: Path not found: /shellSurfaces/sidebar/props/insertPalette [instance=unknown path=unknown]
2026-05-30T16:03:13Z [WARN] (InstanceEditor) getValue: Path not found: /shellSurfaces/statusPanel/id [instance=unknown path=unknown]
2026-05-30T16:03:13Z [WARN] (InstanceEditor) setValue: Path not found: /shellSurfaces/statusPanel/id [instance=unknown path=unknown]
2026-05-30T16:03:13Z [WARN] (InstanceEditor) getValue: Path not found: /shellSurfaces/statusPanel/title [instance=unknown path=unknown]
2026-05-30T16:03:13Z [WARN] (InstanceEditor) setValue: Path not found: /shellSurfaces/statusPanel/title [instance=unknown path=unknown]
2026-05-30T16:03:13Z [WARN] (InstanceEditor) getValue: Path not found: /shellSurfaces/statusPanel/layout [instance=unknown path=unknown]
2026-05-30T16:03:13Z [WARN] (InstanceEditor) setValue: Path not found: /shellSurfaces/statusPanel/layout [instance=unknown path=unknown]
2026-05-30T16:03:13Z [WARN] (InstanceEditor) getValue: Path not found: /shellSurfaces/statusPanel/props/insertPalette [instance=unknown path=unknown]
2026-05-30T16:03:13Z [WARN] (InstanceEditor) readValue: Node has no value: kind=text name=name [instance=unknown path=unknown]
2026-05-30T16:03:13Z [WARN] (InstanceEditor) readValue: Node has no value: kind=text name=name [instance=unknown path=unknown]
2026-05-30T16:03:13Z [WARN] (InstanceEditor) getValue: Path not found: /shellSurfaces/sidebar/title [instance=unknown path=unknown]
2026-05-30T16:03:13Z [WARN] (InstanceEditor) getValue: Path not found: /shellSurfaces/sidebar/id [instance=unknown path=unknown]
2026-05-30T16:03:13Z [WARN] (InstanceEditor) getValue: Path not found: /shellSurfaces/statusPanel/title [instance=unknown path=unknown]
2026-05-30T16:03:13Z [WARN] (InstanceEditor) getValue: Path not found: /shellSurfaces/statusPanel/id [instance=unknown path=unknown]
